// Vitest Snapshot v1, https://vitest.dev/guide/snapshot.html

exports[`characterization before status migration > should_keep_network_stats_when_statuses_are_migrated 1`] = `
{
  "alreadyExisting": {
    "class": "text-stats-already-existing font-semibold",
    "distance": 90467,
    "name": "Avant mandat",
    "percent": 39,
  },
  "done": {
    "class": "text-stats-done font-semibold",
    "distance": 37970,
    "name": "Réalisés",
    "percent": 16,
  },
  "planned": {
    "class": "text-stats-planned font-semibold",
    "distance": 48341,
    "name": "Prévus d'ici 2026",
    "percent": 21,
  },
  "postponed": {
    "class": "text-stats-postponed font-semibold",
    "distance": 48969,
    "name": "Après 2026",
    "percent": 21,
  },
  "wip": {
    "class": "text-stats-wip font-semibold",
    "distance": 6571,
    "name": "En travaux",
    "percent": 3,
  },
}
`;

exports[`characterization before status migration > should_keep_stats_of_each_veloligne_when_statuses_are_migrated 1`] = `
{
  "anneau.json": {
    "stats": {
      "alreadyExisting": {
        "class": "text-stats-already-existing font-semibold",
        "distance": 1990,
        "name": "Avant mandat",
        "percent": 34,
      },
      "done": {
        "class": "text-stats-done font-semibold",
        "distance": 3858,
        "name": "Réalisés",
        "percent": 66,
      },
      "planned": {
        "class": "text-stats-planned font-semibold",
        "distance": 0,
        "name": "Prévus d'ici 2026",
        "percent": 0,
      },
      "postponed": {
        "class": "text-stats-postponed font-semibold",
        "distance": 0,
        "name": "Après 2026",
        "percent": 0,
      },
      "wip": {
        "class": "text-stats-wip font-semibold",
        "distance": 0,
        "name": "En travaux",
        "percent": 0,
      },
    },
    "totalDistance": 5848,
  },
  "veloligne-1.json": {
    "stats": {
      "alreadyExisting": {
        "class": "text-stats-already-existing font-semibold",
        "distance": 5372,
        "name": "Avant mandat",
        "percent": 16,
      },
      "done": {
        "class": "text-stats-done font-semibold",
        "distance": 5633,
        "name": "Réalisés",
        "percent": 17,
      },
      "planned": {
        "class": "text-stats-planned font-semibold",
        "distance": 13081,
        "name": "Prévus d'ici 2026",
        "percent": 39,
      },
      "postponed": {
        "class": "text-stats-postponed font-semibold",
        "distance": 7259,
        "name": "Après 2026",
        "percent": 22,
      },
      "wip": {
        "class": "text-stats-wip font-semibold",
        "distance": 1873,
        "name": "En travaux",
        "percent": 6,
      },
    },
    "totalDistance": 33218,
  },
  "veloligne-10.json": {
    "stats": {
      "alreadyExisting": {
        "class": "text-stats-already-existing font-semibold",
        "distance": 1777,
        "name": "Avant mandat",
        "percent": 11,
      },
      "done": {
        "class": "text-stats-done font-semibold",
        "distance": 7717,
        "name": "Réalisés",
        "percent": 50,
      },
      "planned": {
        "class": "text-stats-planned font-semibold",
        "distance": 6107,
        "name": "Prévus d'ici 2026",
        "percent": 39,
      },
      "postponed": {
        "class": "text-stats-postponed font-semibold",
        "distance": 0,
        "name": "Après 2026",
        "percent": 0,
      },
      "wip": {
        "class": "text-stats-wip font-semibold",
        "distance": 0,
        "name": "En travaux",
        "percent": 0,
      },
    },
    "totalDistance": 15601,
  },
  "veloligne-11.json": {
    "stats": {
      "alreadyExisting": {
        "class": "text-stats-already-existing font-semibold",
        "distance": 2990,
        "name": "Avant mandat",
        "percent": 52,
      },
      "done": {
        "class": "text-stats-done font-semibold",
        "distance": 2783,
        "name": "Réalisés",
        "percent": 48,
      },
      "planned": {
        "class": "text-stats-planned font-semibold",
        "distance": 0,
        "name": "Prévus d'ici 2026",
        "percent": 0,
      },
      "postponed": {
        "class": "text-stats-postponed font-semibold",
        "distance": 0,
        "name": "Après 2026",
        "percent": 0,
      },
      "wip": {
        "class": "text-stats-wip font-semibold",
        "distance": 0,
        "name": "En travaux",
        "percent": 0,
      },
    },
    "totalDistance": 5773,
  },
  "veloligne-2.json": {
    "stats": {
      "alreadyExisting": {
        "class": "text-stats-already-existing font-semibold",
        "distance": 2695,
        "name": "Avant mandat",
        "percent": 34,
      },
      "done": {
        "class": "text-stats-done font-semibold",
        "distance": 112,
        "name": "Réalisés",
        "percent": 2,
      },
      "planned": {
        "class": "text-stats-planned font-semibold",
        "distance": 522,
        "name": "Prévus d'ici 2026",
        "percent": 7,
      },
      "postponed": {
        "class": "text-stats-postponed font-semibold",
        "distance": 4547,
        "name": "Après 2026",
        "percent": 58,
      },
      "wip": {
        "class": "text-stats-wip font-semibold",
        "distance": 0,
        "name": "En travaux",
        "percent": 0,
      },
    },
    "totalDistance": 7876,
  },
  "veloligne-3.json": {
    "stats": {
      "alreadyExisting": {
        "class": "text-stats-already-existing font-semibold",
        "distance": 0,
        "name": "Avant mandat",
        "percent": 0,
      },
      "done": {
        "class": "text-stats-done font-semibold",
        "distance": 1209,
        "name": "Réalisés",
        "percent": 100,
      },
      "planned": {
        "class": "text-stats-planned font-semibold",
        "distance": 0,
        "name": "Prévus d'ici 2026",
        "percent": 0,
      },
      "postponed": {
        "class": "text-stats-postponed font-semibold",
        "distance": 0,
        "name": "Après 2026",
        "percent": 0,
      },
      "wip": {
        "class": "text-stats-wip font-semibold",
        "distance": 0,
        "name": "En travaux",
        "percent": 0,
      },
    },
    "totalDistance": 1209,
  },
  "veloligne-4.json": {
    "stats": {
      "alreadyExisting": {
        "class": "text-stats-already-existing font-semibold",
        "distance": 16501,
        "name": "Avant mandat",
        "percent": 74,
      },
      "done": {
        "class": "text-stats-done font-semibold",
        "distance": 2078,
        "name": "Réalisés",
        "percent": 9,
      },
      "planned": {
        "class": "text-stats-planned font-semibold",
        "distance": 3718,
        "name": "Prévus d'ici 2026",
        "percent": 17,
      },
      "postponed": {
        "class": "text-stats-postponed font-semibold",
        "distance": 0,
        "name": "Après 2026",
        "percent": 0,
      },
      "wip": {
        "class": "text-stats-wip font-semibold",
        "distance": 0,
        "name": "En travaux",
        "percent": 0,
      },
    },
    "totalDistance": 22297,
  },
  "veloligne-5.json": {
    "stats": {
      "alreadyExisting": {
        "class": "text-stats-already-existing font-semibold",
        "distance": 391,
        "name": "Avant mandat",
        "percent": 10,
      },
      "done": {
        "class": "text-stats-done font-semibold",
        "distance": 169,
        "name": "Réalisés",
        "percent": 5,
      },
      "planned": {
        "class": "text-stats-planned font-semibold",
        "distance": 0,
        "name": "Prévus d'ici 2026",
        "percent": 0,
      },
      "postponed": {
        "class": "text-stats-postponed font-semibold",
        "distance": 3274,
        "name": "Après 2026",
        "percent": 85,
      },
      "wip": {
        "class": "text-stats-wip font-semibold",
        "distance": 0,
        "name": "En travaux",
        "percent": 0,
      },
    },
    "totalDistance": 3834,
  },
  "veloligne-6.json": {
    "stats": {
      "alreadyExisting": {
        "class": "text-stats-already-existing font-semibold",
        "distance": 3061,
        "name": "Avant mandat",
        "percent": 19,
      },
      "done": {
        "class": "text-stats-done font-semibold",
        "distance": 0,
        "name": "Réalisés",
        "percent": 0,
      },
      "planned": {
        "class": "text-stats-planned font-semibold",
        "distance": 9053,
        "name": "Prévus d'ici 2026",
        "percent": 56,
      },
      "postponed": {
        "class": "text-stats-postponed font-semibold",
        "distance": 4091,
        "name": "Après 2026",
        "percent": 25,
      },
      "wip": {
        "class": "text-stats-wip font-semibold",
        "distance": 0,
        "name": "En travaux",
        "percent": 0,
      },
    },
    "totalDistance": 16205,
  },
  "veloligne-7.json": {
    "stats": {
      "alreadyExisting": {
        "class": "text-stats-already-existing font-semibold",
        "distance": 0,
        "name": "Avant mandat",
        "percent": 0,
      },
      "done": {
        "class": "text-stats-done font-semibold",
        "distance": 0,
        "name": "Réalisés",
        "percent": 0,
      },
      "planned": {
        "class": "text-stats-planned font-semibold",
        "distance": 5508,
        "name": "Prévus d'ici 2026",
        "percent": 34,
      },
      "postponed": {
        "class": "text-stats-postponed font-semibold",
        "distance": 10672,
        "name": "Après 2026",
        "percent": 66,
      },
      "wip": {
        "class": "text-stats-wip font-semibold",
        "distance": 0,
        "name": "En travaux",
        "percent": 0,
      },
    },
    "totalDistance": 16180,
  },
  "veloligne-8.json": {
    "stats": {
      "alreadyExisting": {
        "class": "text-stats-already-existing font-semibold",
        "distance": 12707,
        "name": "Avant mandat",
        "percent": 71,
      },
      "done": {
        "class": "text-stats-done font-semibold",
        "distance": 4746,
        "name": "Réalisés",
        "percent": 26,
      },
      "planned": {
        "class": "text-stats-planned font-semibold",
        "distance": 496,
        "name": "Prévus d'ici 2026",
        "percent": 3,
      },
      "postponed": {
        "class": "text-stats-postponed font-semibold",
        "distance": 0,
        "name": "Après 2026",
        "percent": 0,
      },
      "wip": {
        "class": "text-stats-wip font-semibold",
        "distance": 0,
        "name": "En travaux",
        "percent": 0,
      },
    },
    "totalDistance": 17949,
  },
  "veloligne-9.json": {
    "stats": {
      "alreadyExisting": {
        "class": "text-stats-already-existing font-semibold",
        "distance": 4116,
        "name": "Avant mandat",
        "percent": 100,
      },
      "done": {
        "class": "text-stats-done font-semibold",
        "distance": 0,
        "name": "Réalisés",
        "percent": 0,
      },
      "planned": {
        "class": "text-stats-planned font-semibold",
        "distance": 0,
        "name": "Prévus d'ici 2026",
        "percent": 0,
      },
      "postponed": {
        "class": "text-stats-postponed font-semibold",
        "distance": 0,
        "name": "Après 2026",
        "percent": 0,
      },
      "wip": {
        "class": "text-stats-wip font-semibold",
        "distance": 0,
        "name": "En travaux",
        "percent": 0,
      },
    },
    "totalDistance": 4116,
  },
  "veloligne-A.json": {
    "stats": {
      "alreadyExisting": {
        "class": "text-stats-already-existing font-semibold",
        "distance": 3339,
        "name": "Avant mandat",
        "percent": 26,
      },
      "done": {
        "class": "text-stats-done font-semibold",
        "distance": 3609,
        "name": "Réalisés",
        "percent": 28,
      },
      "planned": {
        "class": "text-stats-planned font-semibold",
        "distance": 1134,
        "name": "Prévus d'ici 2026",
        "percent": 9,
      },
      "postponed": {
        "class": "text-stats-postponed font-semibold",
        "distance": 4736,
        "name": "Après 2026",
        "percent": 37,
      },
      "wip": {
        "class": "text-stats-wip font-semibold",
        "distance": 0,
        "name": "En travaux",
        "percent": 0,
      },
    },
    "totalDistance": 12818,
  },
  "veloligne-B.json": {
    "stats": {
      "alreadyExisting": {
        "class": "text-stats-already-existing font-semibold",
        "distance": 16805,
        "name": "Avant mandat",
        "percent": 45,
      },
      "done": {
        "class": "text-stats-done font-semibold",
        "distance": 4800,
        "name": "Réalisés",
        "percent": 13,
      },
      "planned": {
        "class": "text-stats-planned font-semibold",
        "distance": 7319,
        "name": "Prévus d'ici 2026",
        "percent": 20,
      },
      "postponed": {
        "class": "text-stats-postponed font-semibold",
        "distance": 8272,
        "name": "Après 2026",
        "percent": 22,
      },
      "wip": {
        "class": "text-stats-wip font-semibold",
        "distance": 0,
        "name": "En travaux",
        "percent": 0,
      },
    },
    "totalDistance": 37196,
  },
  "veloligne-C.json": {
    "stats": {
      "alreadyExisting": {
        "class": "text-stats-already-existing font-semibold",
        "distance": 13021,
        "name": "Avant mandat",
        "percent": 51,
      },
      "done": {
        "class": "text-stats-done font-semibold",
        "distance": 2465,
        "name": "Réalisés",
        "percent": 9,
      },
      "planned": {
        "class": "text-stats-planned font-semibold",
        "distance": 382,
        "name": "Prévus d'ici 2026",
        "percent": 1,
      },
      "postponed": {
        "class": "text-stats-postponed font-semibold",
        "distance": 9790,
        "name": "Après 2026",
        "percent": 38,
      },
      "wip": {
        "class": "text-stats-wip font-semibold",
        "distance": 0,
        "name": "En travaux",
        "percent": 0,
      },
    },
    "totalDistance": 25658,
  },
  "veloligne-D.json": {
    "stats": {
      "alreadyExisting": {
        "class": "text-stats-already-existing font-semibold",
        "distance": 8200,
        "name": "Avant mandat",
        "percent": 53,
      },
      "done": {
        "class": "text-stats-done font-semibold",
        "distance": 0,
        "name": "Réalisés",
        "percent": 0,
      },
      "planned": {
        "class": "text-stats-planned font-semibold",
        "distance": 2484,
        "name": "Prévus d'ici 2026",
        "percent": 16,
      },
      "postponed": {
        "class": "text-stats-postponed font-semibold",
        "distance": 0,
        "name": "Après 2026",
        "percent": 0,
      },
      "wip": {
        "class": "text-stats-wip font-semibold",
        "distance": 4698,
        "name": "En travaux",
        "percent": 31,
      },
    },
    "totalDistance": 15382,
  },
}
`;

exports[`characterization before status migration > should_keep_status_text_of_each_section_when_statuses_are_migrated 1`] = `
{
  "1 · Avenue de l'Or": {
    "class": "text-gray-400",
    "label": "prévu",
  },
  "1 · Avenue du 8 Mai 45": {
    "class": "text-gray-900",
    "date": "le 30/05/2022",
    "label": "terminé",
  },
  "1 · Barreau Cross Lumière": {
    "class": "text-gray-900",
    "date": "avant 2021",
    "label": "terminé",
  },
  "1 · Castries Saint-Geniès": {
    "class": "text-gray-400",
    "label": "prévu",
  },
  "1 · Castries Saint-Geniès 2": {
    "class": "text-gray-900",
    "date": "le 31/08/2023",
    "label": "terminé",
  },
  "1 · Charles de Gaule Sud Est": {
    "class": "text-gray-400",
    "label": "prévu",
  },
  "1 · Chemin de Verchant": {
    "class": "text-gray-900",
    "date": "le 01/01/2024",
    "label": "terminé",
  },
  "1 · Chemin du Clos de l'Armet": {
    "class": "text-gray-900",
    "date": "le 04/04/2022",
    "label": "terminé",
  },
  "1 · D21 Parallèle Foret": {
    "class": "text-gray-900",
    "date": "avant 2021",
    "label": "terminé",
  },
  "1 · D21 Route de Teyran": {
    "class": "text-gray-900",
    "date": "avant 2021",
    "label": "terminé",
  },
  "1 · Delmas": {
    "class": "text-gray-900",
    "date": "avant 2021",
    "label": "terminé",
  },
  "1 · Jean-Jaurès": {
    "class": "text-color-secondary",
    "date": "après 2026",
    "label": "reporté",
  },
  "1 · Parallèle Saint-Aunès": {
    "class": "text-color-primary-primary",
    "label": "en travaux",
  },
  "1 · Route de Clapiers Parallèle": {
    "class": "text-gray-900",
    "date": "avant 2021",
    "label": "terminé",
  },
  "1 · Route de Clapiers Sud": {
    "class": "text-gray-900",
    "date": "avant 2021",
    "label": "terminé",
  },
  "1 · Route de Nimes Aube Rouge": {
    "class": "text-gray-400",
    "label": "prévu",
  },
  "1 · Route de Nimes Carrefour": {
    "class": "text-gray-900",
    "date": "le 01/06/2025",
    "label": "terminé",
  },
  "1 · Saint-Brès 2": {
    "class": "text-color-secondary",
    "date": "après 2026",
    "label": "reporté",
  },
  "1 · Saint-Geniès Est": {
    "class": "text-gray-900",
    "date": "le 31/12/2023",
    "label": "terminé",
  },
  "1 · Vendargues Castries": {
    "class": "text-gray-400",
    "label": "prévu",
  },
  "1 · Vendargues Est": {
    "class": "text-gray-400",
    "label": "prévu",
  },
  "1 · Vendargues Sud": {
    "class": "text-color-secondary",
    "date": "après 2026",
    "label": "reporté",
  },
  "1+B · Chemin des Alouettes": {
    "class": "text-gray-400",
    "label": "prévu",
  },
  "1+D · Gare de Baillargues": {
    "class": "text-gray-400",
    "label": "prévu",
  },
  "10 · Domaine de Piquet": {
    "class": "text-gray-900",
    "date": "le 22/04/2023",
    "label": "terminé",
  },
  "10 · Flahault Rech ⇄ Voie Domitienne": {
    "class": "text-gray-900",
    "date": "le 01/08/2025",
    "label": "terminé",
  },
  "10 · Flahault Rimet ⇄ Rech": {
    "class": "text-gray-900",
    "date": "le 01/01/2025",
    "label": "terminé",
  },
  "10 · Lyre ⇄ Valsière": {
    "class": "text-gray-400",
    "label": "prévu",
  },
  "10 · Mende Justice ⇄ Place de la voie Domitienne": {
    "class": "text-gray-900",
    "date": "le 30/04/2023",
    "label": "terminé",
  },
  "10 · Montferrier Fescau ⇄ St Clément": {
    "class": "text-gray-400",
    "label": "prévu",
  },
  "10 · Montferrier Route de Mende": {
    "class": "text-gray-400",
    "label": "prévu",
  },
  "10 · Plateau de Piquet": {
    "class": "text-gray-900",
    "date": "le 22/04/2023",
    "label": "terminé",
  },
  "10 · Plateau de Piquet 2": {
    "class": "text-gray-900",
    "date": "le 22/04/2023",
    "label": "terminé",
  },
  "10 · Sabatier d'Espeyran ⇄ Dunant": {
    "class": "text-gray-900",
    "date": "avant 2021",
    "label": "terminé",
  },
  "10 · Saint Gély du Fesc": {
    "class": "text-gray-900",
    "date": "le 01/01/2025",
    "label": "terminé",
  },
  "10 · St Jaumes": {
    "class": "text-gray-900",
    "date": "avant 2021",
    "label": "terminé",
  },
  "10 · Valsière": {
    "class": "text-gray-400",
    "label": "prévu",
  },
  "10 · Valsière ⇄ route de Montferrier": {
    "class": "text-gray-900",
    "date": "le 22/04/2023",
    "label": "terminé",
  },
  "10 · entrée de Saint Gély": {
    "class": "text-gray-900",
    "date": "le 01/06/2024",
    "label": "terminé",
  },
  "10 · route de Ganges Occitanie ⇄ Lyre": {
    "class": "text-gray-400",
    "label": "prévu",
  },
  "10 · route de Ganges voie Domitienne ⇄ Émile Diacon": {
    "class": "text-gray-900",
    "date": "le 01/10/2025",
    "label": "terminé",
  },
  "10 · route de Ganges Émile Diacon ⇄ Lapeyronie": {
    "class": "text-gray-900",
    "date": "le 31/12/2025",
    "label": "terminé",
  },
  "10 · route de Mende Place de la voie Domitienne ⇄ Arthur Young": {
    "class": "text-gray-900",
    "date": "le 01/08/2025",
    "label": "terminé",
  },
  "10 · route de Mende nord": {
    "class": "text-gray-900",
    "date": "avant 2021",
    "label": "terminé",
  },
  "11 · Baillarguet ⇄ Prades-le-Lez": {
    "class": "text-gray-900",
    "date": "avant 2021",
    "label": "terminé",
  },
  "11 · Girac ⇄ Baillarguet": {
    "class": "text-gray-900",
    "date": "le 31/12/2025",
    "label": "terminé",
  },
  "2 · Albert Einstein": {
    "class": "text-gray-900",
    "date": "avant 2021",
    "label": "terminé",
  },
  "2 · Lycée Mermoz Sud": {
    "class": "text-gray-400",
    "label": "prévu",
  },
  "2 · Parallèle Mendès France": {
    "class": "text-gray-900",
    "date": "avant 2021",
    "label": "terminé",
  },
  "2 · Passerelle Moulin l'Eveque": {
    "class": "text-gray-900",
    "date": "avant 2021",
    "label": "terminé",
  },
  "2 · Route de Mauguio 2": {
    "class": "text-color-secondary",
    "date": "après 2026",
    "label": "reporté",
  },
  "2 · Rue Henri Pequet": {
    "class": "text-gray-900",
    "date": "le 01/03/2025",
    "label": "terminé",
  },
  "2+B · Château de Flaugergues": {
    "class": "text-gray-900",
    "date": "avant 2021",
    "label": "terminé",
  },
  "2+B · Route de Mauguio": {
    "class": "text-color-secondary",
    "date": "après 2026",
    "label": "reporté",
  },
  "3+B · Mas de Brousse": {
    "class": "text-gray-900",
    "date": "le 15/09/2025",
    "label": "terminé",
  },
  "3+B · Place Odysseum ⇄ Carrefour de Londres": {
    "class": "text-gray-900",
    "date": "le 31/12/2025",
    "label": "terminé",
  },
  "4 · Arrière du Marché du Lez": {
    "class": "text-gray-900",
    "date": "le 01/01/2025",
    "label": "terminé",
  },
  "4 · Avenue Alfred Sauvy": {
    "class": "text-gray-400",
    "label": "prévu",
  },
  "4 · Avenue Georges Frêche": {
    "class": "text-gray-900",
    "date": "avant 2021",
    "label": "terminé",
  },
  "4 · Avenue Georges Frêche 2": {
    "class": "text-gray-900",
    "date": "avant 2021",
    "label": "terminé",
  },
  "4 · Avenue Jacques Cartier": {
    "class": "text-gray-900",
    "date": "le 16/05/2025",
    "label": "terminé",
  },
  "4 · Avenue Raymond Dugrand": {
    "class": "text-gray-900",
    "date": "le 01/12/2025",
    "label": "terminé",
  },
  "4 · Ernest Garnier ⇄ Pablo Picasso": {
    "class": "text-gray-900",
    "date": "avant 2021",
    "label": "terminé",
  },
  "4 · Lattes Est": {
    "class": "text-gray-900",
    "date": "avant 2021",
    "label": "terminé",
  },
  "4 · Lez Maurin": {
    "class": "text-gray-400",
    "label": "prévu",
  },
  "4 · Lez Sud": {
    "class": "text-gray-900",
    "date": "avant 2021",
    "label": "terminé",
  },
  "4 · Perols - Port de Carême": {
    "class": "text-gray-900",
    "date": "avant 2021",
    "label": "terminé",
  },
  "4 · Perols Est": {
    "class": "text-gray-900",
    "date": "avant 2021",
    "label": "terminé",
  },
  "4 · Perols ⇄ Carnon": {
    "class": "text-gray-900",
    "date": "le 01/10/2024",
    "label": "terminé",
  },
  "4 · Rond-point Aéroport": {
    "class": "text-gray-900",
    "date": "avant 2021",
    "label": "terminé",
  },
  "5 · Moularès Mas des Argelliers": {
    "class": "text-color-secondary",
    "date": "après 2026",
    "label": "reporté",
  },
  "5 · Petit-train - Dubout": {
    "class": "text-gray-900",
    "date": "avant 2021",
    "label": "terminé",
  },
  "5 · Petit-train nord": {
    "class": "text-gray-900",
    "date": "avant 2021",
    "label": "terminé",
  },
  "5 · Petit-train sud": {
    "class": "text-gray-900",
    "date": "le 20/05/2024",
    "label": "terminé",
  },
  "5+B · Tournezy": {
    "class": "text-color-secondary",
    "date": "après 2026",
    "label": "reporté",
  },
  "6 · A9 ⇄ St Victor": {
    "class": "text-gray-400",
    "label": "prévu",
  },
  "6 · Condamine": {
    "class": "text-color-secondary",
    "date": "après 2026",
    "label": "reporté",
  },
  "6 · Condamine ⇄ A9": {
    "class": "text-color-secondary",
    "date": "après 2026",
    "label": "reporté",
  },
  "6 · Condamine ⇄ St-Jean-le-Sec": {
    "class": "text-gray-400",
    "label": "prévu",
  },
  "6 · Pavelet ⇄ Condamine": {
    "class": "text-color-secondary",
    "date": "après 2026",
    "label": "reporté",
  },
  "6 · Payroliers ⇄ Pavelet": {
    "class": "text-gray-400",
    "label": "prévu",
  },
  "6 · St Victor ⇄ Maurin": {
    "class": "text-gray-400",
    "label": "prévu",
  },
  "6 · St Victor ⇄ Villeneuve": {
    "class": "text-color-secondary",
    "date": "après 2026",
    "label": "reporté",
  },
  "6 · St-Jean-le-Sec ⇄ sortie de Saint-Jean": {
    "class": "text-gray-400",
    "label": "prévu",
  },
  "6 · Villeneuve ⇄ Gare": {
    "class": "text-gray-400",
    "label": "prévu",
  },
  "6 · Villeneuve ⇄ Mireval": {
    "class": "text-gray-900",
    "date": "avant 2021",
    "label": "terminé",
  },
  "7 · Fabrègues ⇄ Mas Bonnel": {
    "class": "text-color-secondary",
    "date": "après 2026",
    "label": "reporté",
  },
  "7 · M613 Grand M ⇄ St Jean ouest": {
    "class": "text-color-secondary",
    "date": "après 2026",
    "label": "reporté",
  },
  "7 · Mas Bonnel ⇄ Montbazin": {
    "class": "text-color-secondary",
    "date": "après 2026",
    "label": "reporté",
  },
  "7 · St Jean ⇄ Fabrègues": {
    "class": "text-gray-400",
    "label": "prévu",
  },
  "7 · avenue de Toulouse": {
    "class": "text-color-secondary",
    "date": "après 2026",
    "label": "reporté",
  },
  "8 · Cité Paul Valery": {
    "class": "text-gray-400",
    "label": "prévu",
  },
  "8 · Cournonsec": {
    "class": "text-gray-900",
    "date": "avant 2021",
    "label": "terminé",
  },
  "8 · Cournonsec ⇄ Montbazin": {
    "class": "text-gray-900",
    "date": "le 01/06/2022",
    "label": "terminé",
  },
  "8 · Figuerolles Claret ⇄ Ronsard": {
    "class": "text-gray-400",
    "label": "prévu",
  },
  "8 · Figuerolles Liberté ⇄ Claret": {
    "class": "text-gray-900",
    "date": "avant 2021",
    "label": "terminé",
  },
  "8 · Lavérune Chasseurs ⇄ Paul Valéry": {
    "class": "text-gray-900",
    "date": "le 01/12/2025",
    "label": "terminé",
  },
  "8 · Lavérune Fajon ⇄ Gennevaux": {
    "class": "text-gray-900",
    "date": "le 01/08/2025",
    "label": "terminé",
  },
  "8 · Lavérune Figuerolles ⇄ Chasseurs": {
    "class": "text-gray-900",
    "date": "le 15/12/2025",
    "label": "terminé",
  },
  "8 · Lavérune Vanières ⇄ Fajon": {
    "class": "text-gray-900",
    "date": "avant 2021",
    "label": "terminé",
  },
  "8 · voie verte M5 Gennevaux ⇄ Cournonsec": {
    "class": "text-gray-900",
    "date": "avant 2021",
    "label": "terminé",
  },
  "9 · Domaine d'Ô ⇄ Grabels": {
    "class": "text-gray-900",
    "date": "avant 2021",
    "label": "terminé",
  },
  "A · Antonelli": {
    "class": "text-gray-900",
    "date": "le 31/08/2023",
    "label": "terminé",
  },
  "A · Becquerel nord": {
    "class": "text-gray-900",
    "date": "avant 2021",
    "label": "terminé",
  },
  "A · Dubout (Antonelli ⇄ Petit Train)": {
    "class": "text-gray-900",
    "date": "le 31/08/2023",
    "label": "terminé",
  },
  "A · Dubout (Fabrèges ⇄ Antonnelli)": {
    "class": "text-gray-900",
    "date": "le 31/08/2023",
    "label": "terminé",
  },
  "A · Dubout (Perruque ⇄ Fabrèges)": {
    "class": "text-gray-900",
    "date": "le 31/08/2023",
    "label": "terminé",
  },
  "A · Dubout franchissement voie ferrée": {
    "class": "text-gray-400",
    "label": "prévu",
  },
  "A · Ernest Granier": {
    "class": "text-gray-900",
    "date": "le 01/08/2025",
    "label": "terminé",
  },
  "A · Liberté": {
    "class": "text-gray-900",
    "date": "le 31/08/2023",
    "label": "terminé",
  },
  "A · Marie de Montpellier": {
    "class": "text-gray-900",
    "date": "le 01/07/2025",
    "label": "terminé",
  },
  "A · Mas de Rochet": {
    "class": "text-gray-900",
    "date": "avant 2021",
    "label": "terminé",
  },
  "A · Mondial 98 (Granier ⇄ Manuguerra)": {
    "class": "text-gray-900",
    "date": "le 01/01/2025",
    "label": "terminé",
  },
  "A · Mondial 98 (Manuguerra ⇄ Pénélope)": {
    "class": "text-gray-900",
    "date": "le 01/01/2025",
    "label": "terminé",
  },
  "A · Mondial 98 (Manuguerra)": {
    "class": "text-gray-900",
    "date": "le 01/08/2025",
    "label": "terminé",
  },
  "A · Mosson ⇄ Juvignac": {
    "class": "text-color-secondary",
    "date": "après 2026",
    "label": "reporté",
  },
  "A · Moularès ⇄ Zuccarelli": {
    "class": "text-gray-400",
    "label": "prévu",
  },
  "A · Rue Pierre Causse": {
    "class": "text-gray-900",
    "date": "avant 2021",
    "label": "terminé",
  },
  "A · av. Liberté 8 mai 1945 ⇄ Maurin": {
    "class": "text-color-secondary",
    "date": "après 2026",
    "label": "reporté",
  },
  "A · av. Liberté Figuerolles ⇄ 8 mai 1945": {
    "class": "text-color-secondary",
    "date": "après 2026",
    "label": "reporté",
  },
  "A · av. Liberté Fontcarrade ⇄ Figuerolles": {
    "class": "text-color-secondary",
    "date": "après 2026",
    "label": "reporté",
  },
  "A+B · Evariste Gallois": {
    "class": "text-gray-400",
    "label": "prévu",
  },
  "A+B · Liberté Garrats ⇄ Celleneuve": {
    "class": "text-color-secondary",
    "date": "après 2026",
    "label": "reporté",
  },
  "A+B · Lodève Ouest": {
    "class": "text-gray-900",
    "date": "avant 2021",
    "label": "terminé",
  },
  "Anneau · Albert 1er": {
    "class": "text-gray-900",
    "date": "avant 2021",
    "label": "terminé",
  },
  "Anneau · Blum Sud": {
    "class": "text-gray-900",
    "date": "avant 2021",
    "label": "terminé",
  },
  "Anneau · Blum Zeus": {
    "class": "text-gray-900",
    "date": "le 01/07/2024",
    "label": "terminé",
  },
  "Anneau · Blum nord": {
    "class": "text-gray-900",
    "date": "le 01/12/2025",
    "label": "terminé",
  },
  "Anneau · Bonnard": {
    "class": "text-gray-900",
    "date": "le 15/11/2024",
    "label": "terminé",
  },
  "Anneau · Broussonet": {
    "class": "text-gray-900",
    "date": "le 01/09/2025",
    "label": "terminé",
  },
  "Anneau · Corum": {
    "class": "text-gray-900",
    "date": "avant 2021",
    "label": "terminé",
  },
  "Anneau · Doria Gerhardt": {
    "class": "text-gray-900",
    "date": "le 31/08/2024",
    "label": "terminé",
  },
  "Anneau · Doria Paladhile Assas ": {
    "class": "text-gray-900",
    "date": "le 31/08/2024",
    "label": "terminé",
  },
  "Anneau · Gambetta - centre": {
    "class": "text-gray-900",
    "date": "le 31/08/2024",
    "label": "terminé",
  },
  "Anneau · Gambetta - nord-ouest": {
    "class": "text-gray-900",
    "date": "le 31/08/2024",
    "label": "terminé",
  },
  "Anneau · Gambetta - sud-est": {
    "class": "text-gray-900",
    "date": "le 31/08/2024",
    "label": "terminé",
  },
  "Anneau · Grand Saint-Jean": {
    "class": "text-gray-900",
    "date": "le 01/01/2024",
    "label": "terminé",
  },
  "Anneau · Henri Serre": {
    "class": "text-gray-900",
    "date": "le 01/01/2024",
    "label": "terminé",
  },
  "Anneau · Mermoz nord": {
    "class": "text-gray-900",
    "date": "avant 2021",
    "label": "terminé",
  },
  "Anneau · Mermoz sud": {
    "class": "text-gray-900",
    "date": "avant 2021",
    "label": "terminé",
  },
  "Anneau · Place Max Rouquette": {
    "class": "text-gray-900",
    "date": "le 01/11/2025",
    "label": "terminé",
  },
  "Anneau · Quai Laurens": {
    "class": "text-gray-900",
    "date": "le 31/10/2023",
    "label": "terminé",
  },
  "Anneau · Saint-Charles": {
    "class": "text-gray-900",
    "date": "avant 2021",
    "label": "terminé",
  },
  "Anneau · Saint-Denis": {
    "class": "text-gray-900",
    "date": "le 01/11/2025",
    "label": "terminé",
  },
  "Anneau · Saint-Louis": {
    "class": "text-gray-900",
    "date": "le 01/01/2023",
    "label": "terminé",
  },
  "Anneau · Strasbourg Carnot": {
    "class": "text-gray-900",
    "date": "le 01/01/2024",
    "label": "terminé",
  },
  "Anneau · Strasbourg Kléber": {
    "class": "text-gray-900",
    "date": "le 01/01/2023",
    "label": "terminé",
  },
  "Anneau · Verdanson": {
    "class": "text-gray-900",
    "date": "avant 2021",
    "label": "terminé",
  },
  "Anneau · Voltaire": {
    "class": "text-gray-900",
    "date": "le 31/10/2023",
    "label": "terminé",
  },
  "B · Avenue d'El Alamein": {
    "class": "text-gray-400",
    "label": "prévu",
  },
  "B · Avenue de Boirargues (Lattes centre)": {
    "class": "text-gray-900",
    "date": "le 30/06/2024",
    "label": "terminé",
  },
  "B · Avenue de Boirargues (sortie de Lattes)": {
    "class": "text-gray-900",
    "date": "le 30/06/2024",
    "label": "terminé",
  },
  "B · Avenue de Boirargues Lironde": {
    "class": "text-gray-900",
    "date": "avant 2021",
    "label": "terminé",
  },
  "B · Avenue de l'Europe (Mosson)": {
    "class": "text-gray-900",
    "date": "avant 2021",
    "label": "terminé",
  },
  "B · Avenue de l'Europe Lattes Centre": {
    "class": "text-gray-900",
    "date": "le 30/06/2024",
    "label": "terminé",
  },
  "B · Avenue de l'Europe Lattes Port Ariane": {
    "class": "text-gray-400",
    "label": "prévu",
  },
  "B · Avenue de la Martelle": {
    "class": "text-gray-400",
    "label": "prévu",
  },
  "B · Avenue des Moulins Monnet ⇄ Lyre": {
    "class": "text-gray-900",
    "date": "avant 2021",
    "label": "terminé",
  },
  "B · Boirargues (Lycée Champollion)": {
    "class": "text-gray-900",
    "date": "avant 2021",
    "label": "terminé",
  },
  "B · Boirargues Figuières": {
    "class": "text-gray-900",
    "date": "le 01/06/2025",
    "label": "terminé",
  },
  "B · Boirargues Mc Donald": {
    "class": "text-gray-900",
    "date": "le 01/08/2025",
    "label": "terminé",
  },
  "B · Boirargues Nègue Cats": {
    "class": "text-color-secondary",
    "date": "après 2026",
    "label": "reporté",
  },
  "B · Chemin de Caylus est": {
    "class": "text-gray-400",
    "label": "prévu",
  },
  "B · Chemin de Caylus ouest": {
    "class": "text-gray-400",
    "label": "prévu",
  },
  "B · Crès ⇄ Jacou via V70": {
    "class": "text-gray-900",
    "date": "avant 2021",
    "label": "terminé",
  },
  "B · Crès ⇄ Lamour partie nord": {
    "class": "text-gray-900",
    "date": "avant 2021",
    "label": "terminé",
  },
  "B · Crès ⇄ Lamour partie sud": {
    "class": "text-gray-900",
    "date": "avant 2021",
    "label": "terminé",
  },
  "B · Franchissement échangeur 2x2 voies Palavas à Lattes": {
    "class": "text-color-secondary",
    "date": "après 2026",
    "label": "reporté",
  },
  "B · Grammont ⇄ Philippe Lamour": {
    "class": "text-color-secondary",
    "date": "après 2026",
    "label": "reporté",
  },
  "B · M65 Fesquet ⇄ Rue des Canaux": {
    "class": "text-gray-900",
    "date": "le 01/10/2025",
    "label": "terminé",
  },
  "B · M65 Girac ⇄ Fesquet": {
    "class": "text-gray-900",
    "date": "avant 2021",
    "label": "terminé",
  },
  "B · M65 Lyre ⇄ Girac": {
    "class": "text-gray-900",
    "date": "avant 2021",
    "label": "terminé",
  },
  "B · M65 Rue du professeur Blayac": {
    "class": "text-gray-900",
    "date": "avant 2021",
    "label": "terminé",
  },
  "B · Parking Mosson": {
    "class": "text-gray-400",
    "label": "prévu",
  },
  "B · Pavelet Castelle ⇄ Mehul": {
    "class": "text-gray-900",
    "date": "avant 2021",
    "label": "terminé",
  },
  "B · Pavelet Mehul ⇄ Grand M": {
    "class": "text-gray-900",
    "date": "avant 2021",
    "label": "terminé",
  },
  "B · Rue des Canaux ⇄ Navitau": {
    "class": "text-gray-900",
    "date": "le 01/10/2025",
    "label": "terminé",
  },
  "B · Saporta - St Pierre": {
    "class": "text-color-secondary",
    "date": "après 2026",
    "label": "reporté",
  },
  "B · Vanières Bugarel ⇄ Paul Valery": {
    "class": "text-gray-400",
    "label": "prévu",
  },
  "B · Vanières Grand M ⇄ Bugarel": {
    "class": "text-gray-400",
    "label": "prévu",
  },
  "B · Vanières Pagnol": {
    "class": "text-gray-400",
    "label": "prévu",
  },
  "B+D · Pont Gagarine": {
    "class": "text-gray-900",
    "date": "avant 2021",
    "label": "terminé",
  },
  "C · Fabrègues ⇄ Villeneuve": {
    "class": "text-color-secondary",
    "date": "après 2026",
    "label": "reporté",
  },
  "C · Juvignac": {
    "class": "text-color-secondary",
    "date": "après 2026",
    "label": "reporté",
  },
  "C · Juvignac ⇄ St-Georges d'Orques": {
    "class": "text-gray-900",
    "date": "le 31/03/2022",
    "label": "terminé",
  },
  "C · Maison d'arrêt": {
    "class": "text-gray-400",
    "label": "prévu",
  },
  "C · Pont Canal du Rhône à Sète": {
    "class": "text-gray-900",
    "date": "avant 2021",
    "label": "terminé",
  },
  "C · Pont ⇄ Lez": {
    "class": "text-gray-900",
    "date": "avant 2021",
    "label": "terminé",
  },
  "C · Quatre Canaux ⇄ Carnon": {
    "class": "text-gray-900",
    "date": "avant 2021",
    "label": "terminé",
  },
  "C · Quatre vents ⇄ Pont": {
    "class": "text-gray-900",
    "date": "avant 2021",
    "label": "terminé",
  },
  "C · Saussan ⇄ Fabrègues": {
    "class": "text-gray-900",
    "date": "le 31/08/2024",
    "label": "terminé",
  },
  "C · St Georges d'Orques ⇄ Saussan": {
    "class": "text-color-secondary",
    "date": "après 2026",
    "label": "reporté",
  },
  "C · Villeneuve Diligence ⇄ Gare": {
    "class": "text-gray-900",
    "date": "avant 2021",
    "label": "terminé",
  },
  "C · Villeneuve Maison d'arrêt ⇄ Diligence": {
    "class": "text-gray-900",
    "date": "avant 2021",
    "label": "terminé",
  },
  "C · Villeneuve ⇄ Quatre vents": {
    "class": "text-gray-900",
    "date": "avant 2021",
    "label": "terminé",
  },
  "D · Baillargues ⇄ Castries": {
    "class": "text-color-primary-primary",
    "label": "en travaux",
  },
  "D · Rue de la Fontaine de la Banquière - début": {
    "class": "text-gray-400",
    "label": "prévu",
  },
  "D · Rue de la Fontaine de la Banquière - passage sous la D66": {
    "class": "text-color-primary-primary",
    "label": "en travaux",
  },
  "D · ZA du Bosc": {
    "class": "text-gray-400",
    "label": "prévu",
  },
  "D · canal Philippe Lamour": {
    "class": "text-gray-900",
    "date": "avant 2021",
    "label": "terminé",
  },
}
`;

exports[`characterization before status migration > should_keep_typology_stats_when_statuses_are_migrated 1`] = `
{
  "doneAndWip": [
    {
      "bad": 2.97,
      "fair": 20.46,
      "good": 9.57,
      "name": "Aménagements cyclables dédiés",
      "percent": 33,
    },
    {
      "bad": 0.63,
      "fair": 3.78,
      "good": 15.12,
      "name": "En mixité piétonne",
      "percent": 21,
    },
    {
      "bad": 0.64,
      "fair": 0.34,
      "good": 1.02,
      "name": "En mixité motorisée",
      "percent": 2,
    },
  ],
  "todo": {
    "name": "À réaliser",
    "percent": 43,
  },
}
`;
